# Languages codes with translation completness  >= 25%
# generated with tx-complete.sh at Mon, 06 Jul 2026 14:55:47 -0400
# Number of translations: 140
   Nr.		Cnt.	 Compl.		Code		Language
   ---		----	 ------		----		--------
     1		 140	   100%    	ca      	ca	Catalan; Valencian
     2		 140	   100%    	de      	de	German
     3		 140	   100%    	el      	el	Greek, Modern (1453-)
     4		 140	   100%    	es      	es	Spanish; Castilian
     5		 140	   100%    	es_ES   	es	Spanish; Castilian @ Spain
     6		 140	   100%    	fr      	fr	French
     7		 140	   100%    	fr_BE   	fr	French @ Belgium
     8		 140	   100%    	nl      	nl	Dutch; Flemish
     9		 140	   100%    	pl      	pl	Polish
    10		 140	   100%    	sv      	sv	Swedish
    11		 103	    73%    	pt_BR   	pt	Portuguese @ Brazil
    12		 102	    72%    	sq      	sq	Albanian
    13		  94	    67%    	fi      	fi	Finnish
    14		  94	    67%    	pt      	pt	Portuguese
    15		  84	    60%    	hu      	hu	Hungarian
    16		  64	    45%    	lt      	lt	Lithuanian
    17		  62	    44%    	ja      	ja	Japanese
    18		  58	    41%    	nb      	nb	Bokmål, Norwegian; Norwegian Bokmål
    19		  54	    38%    	gl_ES   	gl	Galician @ Spain
    20		  54	    38%    	it      	it	Italian
    21		  54	    38%    	ru      	ru	Russian
    22		  54	    38%    	sl      	sl	Slovenian
    23		  54	    38%    	tr      	tr	Turkish
    24		  53	    37%    	cs      	cs	Czech
    25		  53	    37%    	hi      	hi	Hindi
    26		  52	    37%    	nl_BE   	nl	Dutch; Flemish @ Belgium
    27		  47	    33%    	da      	da	Danish
    28		  45	    32%    	fil_PH  		Filipino @ Philippines
    29		  35	    25%    	fa      	fa	Persian
